
  .   ____          _            __ _ _
 /\\ / ___'_ __ _ _(_)_ __  __ _ \ \ \ \
( ( )\___ | '_ | '_| | '_ \/ _` | \ \ \ \
 \\/  ___)| |_)| | | | | || (_| |  ) ) ) )
  '  |____| .__|_| |_|_| |_\__, | / / / /
 =========|_|==============|___/=/_/_/_/
 :: Spring Boot ::                (v3.2.5)

2026-07-28T11:03:19.179-04:00  INFO 42790 --- [user-service] [           main] c.example.user.UserServiceApplication    : Starting UserServiceApplication v1.0.0-SNAPSHOT using Java 17.0.13 with PID 42790 (/Users/vismaygajera/Desktop/Antra/bookstore-platform/user-service/target/user-service-1.0.0-SNAPSHOT.jar started by vismaygajera in /Users/vismaygajera/Desktop/Antra/bookstore-platform)
2026-07-28T11:03:19.181-04:00  INFO 42790 --- [user-service] [           main] c.example.user.UserServiceApplication    : No active profile set, falling back to 1 default profile: "default"
2026-07-28T11:03:19.391-04:00  INFO 42790 --- [user-service] [           main] o.s.c.c.c.ConfigServerConfigDataLoader   : Fetching config from server at : http://localhost:8888
2026-07-28T11:03:19.391-04:00  INFO 42790 --- [user-service] [           main] o.s.c.c.c.ConfigServerConfigDataLoader   : Located environment: name=user-service, profiles=[default], label=null, version=null, state=null
2026-07-28T11:03:21.489-04:00  INFO 42790 --- [user-service] [           main] .s.d.r.c.RepositoryConfigurationDelegate : Bootstrapping Spring Data JPA repositories in DEFAULT mode.
2026-07-28T11:03:21.528-04:00  INFO 42790 --- [user-service] [           main] .s.d.r.c.RepositoryConfigurationDelegate : Finished Spring Data repository scanning in 32 ms. Found 1 JPA repository interface.
2026-07-28T11:03:22.091-04:00  INFO 42790 --- [user-service] [           main] o.s.cloud.context.scope.GenericScope     : BeanFactory id=348435a2-9dc3-3d04-bc33-1b4c53e8193f
2026-07-28T11:03:23.284-04:00  INFO 42790 --- [user-service] [           main] o.s.b.w.embedded.tomcat.TomcatWebServer  : Tomcat initialized with port 8081 (http)
2026-07-28T11:03:23.289-04:00  INFO 42790 --- [user-service] [           main] o.apache.catalina.core.StandardService   : Starting service [Tomcat]
2026-07-28T11:03:23.289-04:00  INFO 42790 --- [user-service] [           main] o.apache.catalina.core.StandardEngine    : Starting Servlet engine: [Apache Tomcat/10.1.20]
2026-07-28T11:03:23.310-04:00  INFO 42790 --- [user-service] [           main] o.a.c.c.C.[Tomcat].[localhost].[/]       : Initializing Spring embedded WebApplicationContext
2026-07-28T11:03:23.310-04:00  INFO 42790 --- [user-service] [           main] w.s.c.ServletWebServerApplicationContext : Root WebApplicationContext: initialization completed in 3917 ms
2026-07-28T11:03:24.171-04:00  INFO 42790 --- [user-service] [           main] com.zaxxer.hikari.HikariDataSource       : HikariPool-1 - Starting...
2026-07-28T11:03:24.509-04:00  INFO 42790 --- [user-service] [           main] com.zaxxer.hikari.pool.HikariPool        : HikariPool-1 - Added connection org.postgresql.jdbc.PgConnection@56b66a26
2026-07-28T11:03:24.510-04:00  INFO 42790 --- [user-service] [           main] com.zaxxer.hikari.HikariDataSource       : HikariPool-1 - Start completed.
2026-07-28T11:03:24.766-04:00  INFO 42790 --- [user-service] [           main] o.f.c.internal.license.VersionPrinter    : Flyway Community Edition 9.22.3 by Redgate
2026-07-28T11:03:24.766-04:00  INFO 42790 --- [user-service] [           main] o.f.c.internal.license.VersionPrinter    : See release notes here: https://rd.gt/416ObMi
2026-07-28T11:03:24.767-04:00  INFO 42790 --- [user-service] [           main] o.f.c.internal.license.VersionPrinter    : 
2026-07-28T11:03:24.777-04:00  INFO 42790 --- [user-service] [           main] org.flywaydb.core.FlywayExecutor         : Database: jdbc:postgresql://localhost:5433/user_db (PostgreSQL 15.18)
2026-07-28T11:03:24.878-04:00  INFO 42790 --- [user-service] [           main] o.f.core.internal.command.DbValidate     : Successfully validated 1 migration (execution time 00:00.075s)
2026-07-28T11:03:24.910-04:00  INFO 42790 --- [user-service] [           main] o.f.core.internal.command.DbMigrate      : Current version of schema "public": 1
2026-07-28T11:03:24.913-04:00  INFO 42790 --- [user-service] [           main] o.f.core.internal.command.DbMigrate      : Schema "public" is up to date. No migration necessary.
2026-07-28T11:03:25.125-04:00  INFO 42790 --- [user-service] [           main] o.hibernate.jpa.internal.util.LogHelper  : HHH000204: Processing PersistenceUnitInfo [name: default]
2026-07-28T11:03:25.234-04:00  INFO 42790 --- [user-service] [           main] org.hibernate.Version                    : HHH000412: Hibernate ORM core version 6.4.4.Final
2026-07-28T11:03:25.291-04:00  INFO 42790 --- [user-service] [           main] o.h.c.internal.RegionFactoryInitiator    : HHH000026: Second-level cache disabled
2026-07-28T11:03:25.633-04:00  INFO 42790 --- [user-service] [           main] o.s.o.j.p.SpringPersistenceUnitInfo      : No LoadTimeWeaver setup: ignoring JPA class transformer
2026-07-28T11:03:27.010-04:00  INFO 42790 --- [user-service] [           main] o.h.e.t.j.p.i.JtaPlatformInitiator       : HHH000489: No JTA platform available (set 'hibernate.transaction.jta.platform' to enable JTA platform integration)
2026-07-28T11:03:27.043-04:00  INFO 42790 --- [user-service] [           main] j.LocalContainerEntityManagerFactoryBean : Initialized JPA EntityManagerFactory for persistence unit 'default'
2026-07-28T11:03:27.729-04:00  INFO 42790 --- [user-service] [           main] o.s.d.j.r.query.QueryEnhancerFactory     : Hibernate is in classpath; If applicable, HQL parser will be used.
2026-07-28T11:03:28.655-04:00  WARN 42790 --- [user-service] [           main] .s.s.UserDetailsServiceAutoConfiguration : 

Using generated security password: a0d69533-3155-4b67-86cd-1e9c0ec7ff0b

This generated password is for development use only. Your security configuration must be updated before running your application in production.

2026-07-28T11:03:29.159-04:00  INFO 42790 --- [user-service] [           main] o.s.b.a.e.web.EndpointLinksResolver      : Exposing 5 endpoint(s) beneath base path '/actuator'
2026-07-28T11:03:29.387-04:00  INFO 42790 --- [user-service] [           main] o.s.s.web.DefaultSecurityFilterChain     : Will secure any request with [org.springframework.security.web.session.DisableEncodeUrlFilter@573d3ec6, org.springframework.security.web.context.request.async.WebAsyncManagerIntegrationFilter@84398a, org.springframework.security.web.context.SecurityContextHolderFilter@2ace94ff, org.springframework.security.web.header.HeaderWriterFilter@2a7c82e, org.springframework.web.filter.CorsFilter@365a9434, org.springframework.security.web.authentication.logout.LogoutFilter@79205848, com.example.common.security.JwtAuthenticationFilter@79ba0285, org.springframework.security.web.savedrequest.RequestCacheAwareFilter@223c1a82, org.springframework.security.web.servletapi.SecurityContextHolderAwareRequestFilter@c8293cb, org.springframework.security.web.authentication.AnonymousAuthenticationFilter@66a5a12c, org.springframework.security.web.session.SessionManagementFilter@67a2fb00, org.springframework.security.web.access.ExceptionTranslationFilter@31ebc5fa, org.springframework.security.web.access.intercept.AuthorizationFilter@5bb2f959]
2026-07-28T11:03:30.233-04:00  INFO 42790 --- [user-service] [           main] o.s.b.w.embedded.tomcat.TomcatWebServer  : Tomcat started on port 8081 (http) with context path ''
2026-07-28T11:03:30.307-04:00  INFO 42790 --- [user-service] [           main] c.example.user.UserServiceApplication    : Started UserServiceApplication in 13.284 seconds (process running for 14.218)
2026-07-28T11:03:30.434-04:00  INFO 42790 --- [user-service] [           main] c.e.user.config.AdminAccountInitializer  : Admin account 'admin' already exists; leaving it untouched
2026-07-28T11:03:30.470-04:00  INFO 42790 --- [user-service] [nio-8081-exec-1] o.a.c.c.C.[Tomcat].[localhost].[/]       : Initializing Spring DispatcherServlet 'dispatcherServlet'
2026-07-28T11:03:30.471-04:00  INFO 42790 --- [user-service] [nio-8081-exec-1] o.s.web.servlet.DispatcherServlet        : Initializing Servlet 'dispatcherServlet'
2026-07-28T11:03:30.472-04:00  INFO 42790 --- [user-service] [nio-8081-exec-1] o.s.web.servlet.DispatcherServlet        : Completed initialization in 1 ms
